Traceback (most recent call last):
  File "C:\Users\joh89642\repos\vlcompimg\.venv\Lib\site-packages\jupyter_cache\executors\utils.py", line 58, in single_nb_execution
    executenb(
  File "C:\Users\joh89642\repos\vlcompimg\.venv\Lib\site-packages\nbclient\client.py", line 1323, in execute
    return NotebookClient(nb=nb, resources=resources, km=km, **kwargs).execute()
           ^^^^^^^^^^^^^^^^^^^^^^^^^^^^^^^^^^^^^^^^^^^^^^^^^^^^^^^^^^^^^^^^^^^^^
  File "C:\Users\joh89642\repos\vlcompimg\.venv\Lib\site-packages\jupyter_core\utils\__init__.py", line 165, in wrapped
    return loop.run_until_complete(inner)
           ^^^^^^^^^^^^^^^^^^^^^^^^^^^^^^
  File "C:\Users\joh89642\AppData\Roaming\uv\python\cpython-3.11.14-windows-x86_64-none\Lib\asyncio\base_events.py", line 654, in run_until_complete
    return future.result()
           ^^^^^^^^^^^^^^^
  File "C:\Users\joh89642\repos\vlcompimg\.venv\Lib\site-packages\nbclient\client.py", line 709, in async_execute
    await self.async_execute_cell(
  File "C:\Users\joh89642\repos\vlcompimg\.venv\Lib\site-packages\nbclient\client.py", line 1062, in async_execute_cell
    await self._check_raise_for_error(cell, cell_index, exec_reply)
  File "C:\Users\joh89642\repos\vlcompimg\.venv\Lib\site-packages\nbclient\client.py", line 918, in _check_raise_for_error
    raise CellExecutionError.from_cell_and_msg(cell, exec_reply_content)
nbclient.exceptions.CellExecutionError: An error occurred while executing the following cell:
------------------
from __future__ import print_function
from ipywidgets import interact, interactive, fixed, interact_manual
import ipywidgets as widgets
import numpy as np
import matplotlib.pyplot as plt
import cv2
import scipy.signal as sig
from scipy.integrate import simpson
from IPython.display import SVG, display, IFrame, HTML
import seaborn as sns
import sys
from pathlib import Path

# Notebook-Ordner für lokale Python-Module verfügbar machen
sys.path.insert(0, str(Path.cwd()))

from widgets.stepper import display_stepper
%matplotlib notebook
book = False
base = "" if book else "http://127.0.0.1:8000/"
------------------


[1;31m---------------------------------------------------------------------------[0m
[1;31mModuleNotFoundError[0m                       Traceback (most recent call last)
Cell [1;32mIn[2], line 10[0m
[0;32m      8[0m [38;5;28;01mfrom[39;00m[38;5;250m [39m[38;5;21;01mscipy[39;00m[38;5;21;01m.[39;00m[38;5;21;01mintegrate[39;00m[38;5;250m [39m[38;5;28;01mimport[39;00m simpson
[0;32m      9[0m [38;5;28;01mfrom[39;00m[38;5;250m [39m[38;5;21;01mIPython[39;00m[38;5;21;01m.[39;00m[38;5;21;01mdisplay[39;00m[38;5;250m [39m[38;5;28;01mimport[39;00m SVG, display, IFrame, HTML
[1;32m---> 10[0m [38;5;28;01mimport[39;00m[38;5;250m [39m[38;5;21;01mseaborn[39;00m[38;5;250m [39m[38;5;28;01mas[39;00m[38;5;250m [39m[38;5;21;01msns[39;00m
[0;32m     11[0m [38;5;28;01mimport[39;00m[38;5;250m [39m[38;5;21;01msys[39;00m
[0;32m     12[0m [38;5;28;01mfrom[39;00m[38;5;250m [39m[38;5;21;01mpathlib[39;00m[38;5;250m [39m[38;5;28;01mimport[39;00m Path

[1;31mModuleNotFoundError[0m: No module named 'seaborn'

