Traceback (most recent call last):
  File "C:\Users\joh89642\repos\vlcompimg\.venv\Lib\site-packages\jupyter_cache\executors\utils.py", line 58, in single_nb_execution
    executenb(
  File "C:\Users\joh89642\repos\vlcompimg\.venv\Lib\site-packages\nbclient\client.py", line 1323, in execute
    return NotebookClient(nb=nb, resources=resources, km=km, **kwargs).execute()
           ^^^^^^^^^^^^^^^^^^^^^^^^^^^^^^^^^^^^^^^^^^^^^^^^^^^^^^^^^^^^^^^^^^^^^
  File "C:\Users\joh89642\repos\vlcompimg\.venv\Lib\site-packages\jupyter_core\utils\__init__.py", line 165, in wrapped
    return loop.run_until_complete(inner)
           ^^^^^^^^^^^^^^^^^^^^^^^^^^^^^^
  File "C:\Users\joh89642\AppData\Roaming\uv\python\cpython-3.11.14-windows-x86_64-none\Lib\asyncio\base_events.py", line 654, in run_until_complete
    return future.result()
           ^^^^^^^^^^^^^^^
  File "C:\Users\joh89642\repos\vlcompimg\.venv\Lib\site-packages\nbclient\client.py", line 709, in async_execute
    await self.async_execute_cell(
  File "C:\Users\joh89642\repos\vlcompimg\.venv\Lib\site-packages\nbclient\client.py", line 1062, in async_execute_cell
    await self._check_raise_for_error(cell, cell_index, exec_reply)
  File "C:\Users\joh89642\repos\vlcompimg\.venv\Lib\site-packages\nbclient\client.py", line 918, in _check_raise_for_error
    raise CellExecutionError.from_cell_and_msg(cell, exec_reply_content)
nbclient.exceptions.CellExecutionError: An error occurred while executing the following cell:
------------------
img = cv2.resize(a:=misc.face(gray=True), (int((f:=0.25) * a.shape[1]), int(f*a.shape[0])))
noise = np.random.randn(img.shape[0], img.shape[1]) * 50
plt.subplot(1,2,1,  title="Noisy input")
plt.imshow(normalize(img+noise), cmap='gray')
plt.subplot(1,2,2, title="Desired output")
plt.imshow(normalize(img), cmap='gray')
plt.imsave("noisy.png", img+noise, cmap='gray')
plt.imsave("noise.png", noise, cmap='gray')
plt.imsave("img.png", img, cmap='gray')
------------------


[1;31m---------------------------------------------------------------------------[0m
[1;31mAttributeError[0m                            Traceback (most recent call last)
Cell [1;32mIn[46], line 1[0m
[1;32m----> 1[0m img [38;5;241m=[39m cv2[38;5;241m.[39mresize(a[38;5;241m:=[39m[43mmisc[49m[38;5;241;43m.[39;49m[43mface[49m(gray[38;5;241m=[39m[38;5;28;01mTrue[39;00m), ([38;5;28mint[39m((f[38;5;241m:=[39m[38;5;241m0.25[39m) [38;5;241m*[39m a[38;5;241m.[39mshape[[38;5;241m1[39m]), [38;5;28mint[39m(f[38;5;241m*[39ma[38;5;241m.[39mshape[[38;5;241m0[39m])))
[0;32m      2[0m noise [38;5;241m=[39m np[38;5;241m.[39mrandom[38;5;241m.[39mrandn(img[38;5;241m.[39mshape[[38;5;241m0[39m], img[38;5;241m.[39mshape[[38;5;241m1[39m]) [38;5;241m*[39m [38;5;241m50[39m
[0;32m      3[0m plt[38;5;241m.[39msubplot([38;5;241m1[39m,[38;5;241m2[39m,[38;5;241m1[39m,  title[38;5;241m=[39m[38;5;124m"[39m[38;5;124mNoisy input[39m[38;5;124m"[39m)

[1;31mAttributeError[0m: module 'scipy.misc' has no attribute 'face'

