Traceback (most recent call last):
  File "c:\users\meyjoh\repos\vlcompimg\compimg\lib\site-packages\jupyter_cache\executors\utils.py", line 51, in single_nb_execution
    executenb(
  File "c:\users\meyjoh\repos\vlcompimg\compimg\lib\site-packages\nbclient\client.py", line 1112, in execute
    return NotebookClient(nb=nb, resources=resources, km=km, **kwargs).execute()
  File "c:\users\meyjoh\repos\vlcompimg\compimg\lib\site-packages\nbclient\util.py", line 74, in wrapped
    return just_run(coro(*args, **kwargs))
  File "c:\users\meyjoh\repos\vlcompimg\compimg\lib\site-packages\nbclient\util.py", line 53, in just_run
    return loop.run_until_complete(coro)
  File "C:\Users\meyjoh\AppData\Local\Programs\Python\Python38\lib\asyncio\base_events.py", line 616, in run_until_complete
    return future.result()
  File "c:\users\meyjoh\repos\vlcompimg\compimg\lib\site-packages\nbclient\client.py", line 553, in async_execute
    await self.async_execute_cell(
  File "c:\users\meyjoh\repos\vlcompimg\compimg\lib\site-packages\nbclient\client.py", line 857, in async_execute_cell
    self._check_raise_for_error(cell, exec_reply)
  File "c:\users\meyjoh\repos\vlcompimg\compimg\lib\site-packages\nbclient\client.py", line 760, in _check_raise_for_error
    raise CellExecutionError.from_cell_and_msg(cell, exec_reply_content)
nbclient.exceptions.CellExecutionError: An error occurred while executing the following cell:
------------------
image = mi.render(scene)
------------------

[1;31m---------------------------------------------------------------------------[0m
[1;31mException[0m                                 Traceback (most recent call last)
[1;32m~\repos\vlcompimg\compimg\lib\site-packages\drjit\detail.py[0m in [0;36marray_init[1;34m(self, args)[0m
[0;32m    264[0m             [1;32melse[0m[1;33m:[0m[1;33m[0m[1;33m[0m[0m
[1;32m--> 265[1;33m                 raise _dr.Exception("Don\"t know how to create an Dr.Jit array "
[0m[0;32m    266[0m                                       "from type \"%s.%s\"!" % (mod, name))

[1;31mException[0m: Don"t know how to create an Dr.Jit array from type "builtins.ellipsis"!

The above exception was the direct cause of the following exception:

[1;31mTypeError[0m                                 Traceback (most recent call last)
[1;32m<ipython-input-7-353ddf86b26c>[0m in [0;36m<module>[1;34m[0m
[1;32m----> 1[1;33m [0mimage[0m [1;33m=[0m [0mmi[0m[1;33m.[0m[0mrender[0m[1;33m([0m[0mscene[0m[1;33m)[0m[1;33m[0m[1;33m[0m[0m
[0m
[1;32m~\repos\vlcompimg\compimg\lib\site-packages\mitsuba\python\util.py[0m in [0;36mrender[1;34m(scene, params, sensor, integrator, seed, seed_grad, spp, spp_grad)[0m
[0;32m    505[0m                         'to ensure unbiased gradient computation!')
[0;32m    506[0m [1;33m[0m[0m
[1;32m--> 507[1;33m     return dr.custom(_RenderOp, scene, sensor, params, integrator,
[0m[0;32m    508[0m                      (seed, seed_grad), (spp, spp_grad))
[0;32m    509[0m [1;33m[0m[0m

[1;32m~\repos\vlcompimg\compimg\lib\site-packages\drjit\router.py[0m in [0;36mcustom[1;34m(cls, *args, **kwargs)[0m
[0;32m   5612[0m         [0moutput[0m [1;33m=[0m [0minst[0m[1;33m.[0m[0meval[0m[1;33m([0m[1;33m*[0m[0m_dr[0m[1;33m.[0m[0mdetach[0m[1;33m([0m[0mkwargs[0m[1;33m[[0m[1;34m'args'[0m[1;33m][0m[1;33m)[0m[1;33m)[0m[1;33m[0m[1;33m[0m[0m
[0;32m   5613[0m     [1;32melse[0m[1;33m:[0m[1;33m[0m[1;33m[0m[0m
[1;32m-> 5614[1;33m         [0moutput[0m [1;33m=[0m [0minst[0m[1;33m.[0m[0meval[0m[1;33m([0m[1;33m**[0m[1;33m{[0m [0mk[0m[1;33m:[0m [0m_dr[0m[1;33m.[0m[0mdetach[0m[1;33m([0m[0mv[0m[1;33m)[0m [1;32mfor[0m [0mk[0m[1;33m,[0m [0mv[0m [1;32min[0m [0mkwargs[0m[1;33m.[0m[0mitems[0m[1;33m([0m[1;33m)[0m [1;33m}[0m[1;33m)[0m[1;33m[0m[1;33m[0m[0m
[0m[0;32m   5615[0m     [1;32mif[0m [0m_dr[0m[1;33m.[0m[0mgrad_enabled[0m[1;33m([0m[0moutput[0m[1;33m)[0m[1;33m:[0m[1;33m[0m[1;33m[0m[0m
[0;32m   5616[0m         raise RuntimeError("drjit.custom(): the return value of CustomOp.eval() "

[1;32m~\repos\vlcompimg\compimg\lib\site-packages\mitsuba\python\util.py[0m in [0;36meval[1;34m(self, scene, sensor, params, integrator, seed, spp)[0m
[0;32m    360[0m [1;33m[0m[0m
[0;32m    361[0m         [1;32mwith[0m [0mdr[0m[1;33m.[0m[0msuspend_grad[0m[1;33m([0m[1;33m)[0m[1;33m:[0m[1;33m[0m[1;33m[0m[0m
[1;32m--> 362[1;33m             return self.integrator.render(
[0m[0;32m    363[0m                 [0mscene[0m[1;33m=[0m[0mself[0m[1;33m.[0m[0mscene[0m[1;33m,[0m[1;33m[0m[1;33m[0m[0m
[0;32m    364[0m                 [0msensor[0m[1;33m=[0m[0msensor[0m[1;33m,[0m[1;33m[0m[1;33m[0m[0m

[1;32m<ipython-input-3-f8d8ac98bbac>[0m in [0;36msample_ray_differential[1;34m(self, time, sample1, sample2, sample3, active)[0m
[0;32m     26[0m [1;33m[0m[0m
[0;32m     27[0m [1;33m[0m[0m
[1;32m---> 28[1;33m         [0md[0m [1;33m=[0m [0mdr[0m[1;33m.[0m[0mnormalize[0m[1;33m([0m[0mmi[0m[1;33m.[0m[0mVector3f[0m[1;33m([0m[1;33m...[0m[1;33m)[0m[1;33m)[0m[1;33m[0m[1;33m[0m[0m
[0m[0;32m     29[0m [1;33m[0m[0m
[0;32m     30[0m         [0mrayd[0m[1;33m.[0m[0mo[0m [1;33m=[0m [0mself[0m[1;33m.[0m[0mto_world[0m[1;33m.[0m[0mtransform_affine[0m[1;33m([0m[1;33m...[0m[1;33m)[0m[1;33m[0m[1;33m[0m[0m

[1;32m~\repos\vlcompimg\compimg\lib\site-packages\drjit\detail.py[0m in [0;36marray_init[1;34m(self, args)[0m
[0;32m    287[0m                                                        value_type.__name__)) from err
[0;32m    288[0m         [1;32melse[0m[1;33m:[0m[1;33m[0m[1;33m[0m[0m
[1;32m--> 289[1;33m             raise TypeError("%s constructor expects: %s%i values "
[0m[0;32m    290[0m                             [1;34m"of type \"%s\", a matching list/tuple, or a NumPy/"[0m[1;33m[0m[1;33m[0m[0m
[0;32m    291[0m                             "PyTorch/TF/Jax array." % (type(self).__name__, "" if

[1;31mTypeError[0m: Vector3f constructor expects: 1 or 3 values of type "float", a matching list/tuple, or a NumPy/PyTorch/TF/Jax array.
TypeError: Vector3f constructor expects: 1 or 3 values of type "float", a matching list/tuple, or a NumPy/PyTorch/TF/Jax array.

