Traceback (most recent call last):
  File "c:\users\meyjoh\repos\vlcompimg\compimg\lib\site-packages\jupyter_cache\executors\utils.py", line 51, in single_nb_execution
    executenb(
  File "c:\users\meyjoh\repos\vlcompimg\compimg\lib\site-packages\nbclient\client.py", line 1112, in execute
    return NotebookClient(nb=nb, resources=resources, km=km, **kwargs).execute()
  File "c:\users\meyjoh\repos\vlcompimg\compimg\lib\site-packages\nbclient\util.py", line 74, in wrapped
    return just_run(coro(*args, **kwargs))
  File "c:\users\meyjoh\repos\vlcompimg\compimg\lib\site-packages\nbclient\util.py", line 53, in just_run
    return loop.run_until_complete(coro)
  File "C:\Users\meyjoh\AppData\Local\Programs\Python\Python38\lib\asyncio\base_events.py", line 616, in run_until_complete
    return future.result()
  File "c:\users\meyjoh\repos\vlcompimg\compimg\lib\site-packages\nbclient\client.py", line 553, in async_execute
    await self.async_execute_cell(
  File "c:\users\meyjoh\repos\vlcompimg\compimg\lib\site-packages\nbclient\client.py", line 857, in async_execute_cell
    self._check_raise_for_error(cell, exec_reply)
  File "c:\users\meyjoh\repos\vlcompimg\compimg\lib\site-packages\nbclient\client.py", line 760, in _check_raise_for_error
    raise CellExecutionError.from_cell_and_msg(cell, exec_reply_content)
nbclient.exceptions.CellExecutionError: An error occurred while executing the following cell:
------------------
img = np.float32(misc.face(gray=True))[0:-1, 0:-1]
kernel = np.ones((51,51))

res_fourier = fourier_conv(img, kernel)
res_spatial = ndimage.convolve(img, kernel, mode='???') ## Which mode do you have to use?

print(f"Is your solution correct: {np.allclose(res_fourier, res_spatial)}")

plt.subplot(1,3,1)
plt.imshow(img, cmap='gray')
plt.subplot(1,3,2)
plt.imshow(res_spatial, cmap='gray')
plt.subplot(1,3,3)
plt.imshow(res_fourier, cmap='gray')
------------------

[1;31m---------------------------------------------------------------------------[0m
[1;31mRuntimeError[0m                              Traceback (most recent call last)
[1;32m<ipython-input-6-2e2f87a661ce>[0m in [0;36m<module>[1;34m[0m
[0;32m      3[0m [1;33m[0m[0m
[0;32m      4[0m [0mres_fourier[0m [1;33m=[0m [0mfourier_conv[0m[1;33m([0m[0mimg[0m[1;33m,[0m [0mkernel[0m[1;33m)[0m[1;33m[0m[1;33m[0m[0m
[1;32m----> 5[1;33m [0mres_spatial[0m [1;33m=[0m [0mndimage[0m[1;33m.[0m[0mconvolve[0m[1;33m([0m[0mimg[0m[1;33m,[0m [0mkernel[0m[1;33m,[0m [0mmode[0m[1;33m=[0m[1;34m'???'[0m[1;33m)[0m [1;31m## Which mode do you have to use?[0m[1;33m[0m[1;33m[0m[0m
[0m[0;32m      6[0m [1;33m[0m[0m
[0;32m      7[0m [0mprint[0m[1;33m([0m[1;34mf"Is your solution correct: {np.allclose(res_fourier, res_spatial)}"[0m[1;33m)[0m[1;33m[0m[1;33m[0m[0m

[1;32mc:\users\meyjoh\repos\vlcompimg\compimg\lib\site-packages\scipy\ndimage\_filters.py[0m in [0;36mconvolve[1;34m(input, weights, output, mode, cval, origin)[0m
[0;32m    888[0m [1;33m[0m[0m
[0;32m    889[0m     """
[1;32m--> 890[1;33m     return _correlate_or_convolve(input, weights, output, mode, cval,
[0m[0;32m    891[0m                                   origin, True)
[0;32m    892[0m [1;33m[0m[0m

[1;32mc:\users\meyjoh\repos\vlcompimg\compimg\lib\site-packages\scipy\ndimage\_filters.py[0m in [0;36m_correlate_or_convolve[1;34m(input, weights, output, mode, cval, origin, convolution)[0m
[0;32m    709[0m     [1;32mif[0m [1;32mnot[0m [0misinstance[0m[1;33m([0m[0mmode[0m[1;33m,[0m [0mstr[0m[1;33m)[0m [1;32mand[0m [0misinstance[0m[1;33m([0m[0mmode[0m[1;33m,[0m [0mIterable[0m[1;33m)[0m[1;33m:[0m[1;33m[0m[1;33m[0m[0m
[0;32m    710[0m         [1;32mraise[0m [0mRuntimeError[0m[1;33m([0m[1;34m"A sequence of modes is not supported"[0m[1;33m)[0m[1;33m[0m[1;33m[0m[0m
[1;32m--> 711[1;33m     [0mmode[0m [1;33m=[0m [0m_ni_support[0m[1;33m.[0m[0m_extend_mode_to_code[0m[1;33m([0m[0mmode[0m[1;33m)[0m[1;33m[0m[1;33m[0m[0m
[0m[0;32m    712[0m     [0m_nd_image[0m[1;33m.[0m[0mcorrelate[0m[1;33m([0m[0minput[0m[1;33m,[0m [0mweights[0m[1;33m,[0m [0moutput[0m[1;33m,[0m [0mmode[0m[1;33m,[0m [0mcval[0m[1;33m,[0m [0morigins[0m[1;33m)[0m[1;33m[0m[1;33m[0m[0m
[0;32m    713[0m     [1;32mif[0m [0mtemp_needed[0m[1;33m:[0m[1;33m[0m[1;33m[0m[0m

[1;32mc:\users\meyjoh\repos\vlcompimg\compimg\lib\site-packages\scipy\ndimage\_ni_support.py[0m in [0;36m_extend_mode_to_code[1;34m(mode)[0m
[0;32m     52[0m         [1;32mreturn[0m [1;36m6[0m[1;33m[0m[1;33m[0m[0m
[0;32m     53[0m     [1;32melse[0m[1;33m:[0m[1;33m[0m[1;33m[0m[0m
[1;32m---> 54[1;33m         [1;32mraise[0m [0mRuntimeError[0m[1;33m([0m[1;34m'boundary mode not supported'[0m[1;33m)[0m[1;33m[0m[1;33m[0m[0m
[0m[0;32m     55[0m [1;33m[0m[0m
[0;32m     56[0m [1;33m[0m[0m

[1;31mRuntimeError[0m: boundary mode not supported
RuntimeError: boundary mode not supported

